// Jest Snapshot v1, https://goo.gl/fbAQLP

exports[`TEST APP render buttons and input Secons 1`] = `
<input
  placeholder="Seconds"
  type="text"
  value=""
/>
`;

exports[`render buttons and input Secons 1`] = `
<input
  placeholder="Seconds"
  type="text"
  value=""
/>
`;
